     VMA      LMA     Size Align Out     In      Symbol
       0        0 80200000     1 . = 0x80200000
80200000        0        0     1 __kernel_base = .
80200000 80200000     18f6     4 .text
80200000 80200000        e     2         /tmp/kernel-62c570.o:(.text.boot)
80200000 80200000        0     1                 
80200000 80200000        0     1                 
80200000 80200000        0     1                 
80200000 80200000        0     1                 
80200000 80200000        e     1                 boot
8020000e 8020000e        0     1                 
8020000e 8020000e        0     1                 
80200010 80200010     1662     4         /tmp/kernel-62c570.o:(.text)
80200010 80200010        0     1                 
80200010 80200010        0     1                 
80200010 80200010        0     1                 
80200010 80200010        0     1                 
80200010 80200010       9c     1                 kernel_entry
802000ac 802000ac        0     1                 
802000ac 802000ac        0     1                 
802000ac 802000ac        0     1                 
802000ac 802000ac        0     1                 
802000ac 802000ac        0     1                 
802000ac 802000ac        0     1                 
802000ac 802000ac        6     1                 sbi_call
802000b0 802000b0        0     1                 
802000b2 802000b2        0     1                 
802000b2 802000b2        0     1                 
802000b2 802000b2        0     1                 
802000b2 802000b2        0     1                 
802000b2 802000b2        0     1                 
802000b2 802000b2        0     1                 
802000b2 802000b2       46     1                 switch_context
802000f8 802000f8        0     1                 
802000f8 802000f8        0     1                 
802000f8 802000f8        0     1                 
802000f8 802000f8        0     1                 
802000f8 802000f8        0     1                 
802000f8 802000f8        a     1                 virtio_reg_read32
802000fc 802000fc        0     1                 
802000fe 802000fe        0     1                 
80200100 80200100        0     1                 
80200102 80200102        0     1                 
80200102 80200102        0     1                 
80200102 80200102        0     1                 
80200102 80200102        0     1                 
80200102 80200102        0     1                 
80200102 80200102        c     1                 virtio_reg_read64
80200106 80200106        0     1                 
80200108 80200108        0     1                 
8020010c 8020010c        0     1                 
8020010e 8020010e        0     1                 
8020010e 8020010e        0     1                 
8020010e 8020010e        0     1                 
8020010e 8020010e        0     1                 
8020010e 8020010e        0     1                 
8020010e 8020010e        a     1                 virtio_reg_write32
80200112 80200112        0     1                 
80200114 80200114        0     1                 
80200116 80200116        0     1                 
80200118 80200118        0     1                 
80200118 80200118        0     1                 
80200118 80200118        0     1                 
80200118 80200118        0     1                 
80200118 80200118        0     1                 
80200118 80200118        e     1                 virtio_reg_fetch_and_or32
8020011c 8020011c        0     1                 
8020011c 8020011c        0     1                 
8020011e 8020011e        0     1                 
80200120 80200120        0     1                 
80200120 80200120        0     1                 
80200122 80200122        0     1                 
80200122 80200122        0     1                 
80200124 80200124        0     1                 
80200124 80200124        0     1                 
80200126 80200126        0     1                 
80200126 80200126        0     1                 
80200126 80200126        0     1                 
80200126 80200126        0     1                 
80200126 80200126        0     1                 
80200126 80200126      1b0     1                 yield
80200132 80200132        0     1                 
80200136 80200136        0     1                 
80200148 80200148        0     1                 
80200156 80200156        0     1                 
80200158 80200158        0     1                 
8020015c 8020015c        0     1                 
8020015e 8020015e        0     1                 
80200162 80200162        0     1                 
80200164 80200164        0     1                 
80200168 80200168        0     1                 
8020016c 8020016c        0     1                 
80200178 80200178        0     1                 
80200180 80200180        0     1                 
80200182 80200182        0     1                 
80200186 80200186        0     1                 
80200188 80200188        0     1                 
8020018c 8020018c        0     1                 
80200190 80200190        0     1                 
802001a2 802001a2        0     1                 
802001b2 802001b2        0     1                 
802001b6 802001b6        0     1                 
802001ba 802001ba        0     1                 
802001bc 802001bc        0     1                 
802001c0 802001c0        0     1                 
802001c4 802001c4        0     1                 
802001d0 802001d0        0     1                 
802001d8 802001d8        0     1                 
802001da 802001da        0     1                 
802001de 802001de        0     1                 
802001e0 802001e0        0     1                 
802001e4 802001e4        0     1                 
802001e8 802001e8        0     1                 
802001fa 802001fa        0     1                 
8020020a 8020020a        0     1                 
8020020e 8020020e        0     1                 
80200212 80200212        0     1                 
80200214 80200214        0     1                 
80200218 80200218        0     1                 
8020021c 8020021c        0     1                 
80200228 80200228        0     1                 
80200230 80200230        0     1                 
80200232 80200232        0     1                 
80200236 80200236        0     1                 
80200238 80200238        0     1                 
8020023c 8020023c        0     1                 
80200240 80200240        0     1                 
80200252 80200252        0     1                 
80200262 80200262        0     1                 
80200266 80200266        0     1                 
8020026a 8020026a        0     1                 
8020026c 8020026c        0     1                 
80200270 80200270        0     1                 
80200274 80200274        0     1                 
80200280 80200280        0     1                 
80200288 80200288        0     1                 
8020028a 8020028a        0     1                 
8020028e 8020028e        0     1                 
80200290 80200290        0     1                 
80200294 80200294        0     1                 
80200296 80200296        0     1                 
8020029a 8020029a        0     1                 
8020029c 8020029c        0     1                 
802002a2 802002a2        0     1                 
802002a8 802002a8        0     1                 
802002aa 802002aa        0     1                 
802002ba 802002ba        0     1                 
802002c2 802002c2        0     1                 
802002c4 802002c4        0     1                 
802002c8 802002c8        0     1                 
802002cc 802002cc        0     1                 
802002cc 802002cc        0     1                 
802002d4 802002d4        0     1                 
802002d6 802002d6        0     1                 
802002d6 802002d6        0     1                 
802002d6 802002d6        0     1                 
802002d6 802002d6        0     1                 
802002d6 802002d6        0     1                 
802002d6 802002d6        0     1                 
802002d6 802002d6       16     1                 getchar
802002ea 802002ea        0     1                 
802002ea 802002ea        0     1                 
802002ec 802002ec        0     1                 
802002ec 802002ec        0     1                 
802002ec 802002ec        0     1                 
802002ec 802002ec        0     1                 
802002ec 802002ec        0     1                 
802002ec 802002ec        0     1                 
802002ec 802002ec       14     1                 putchar
802002fe 802002fe        0     1                 
802002fe 802002fe        0     1                 
80200300 80200300        0     1                 
80200300 80200300        0     1                 
80200300 80200300        0     1                 
80200300 80200300        0     1                 
80200300 80200300        0     1                 
80200300 80200300       5a     1                 alloc_pages
80200302 80200302        0     1                 
80200302 80200302        0     1                 
80200306 80200306        0     1                 
8020030e 8020030e        0     1                 
80200312 80200312        0     1                 
80200316 80200316        0     1                 
8020031e 8020031e        0     1                 
80200322 80200322        0     1                 
80200326 80200326        0     1                 
80200342 80200342        0     1                 
80200344 80200344        0     1                 
80200350 80200350        0     1                 
80200350 80200350        0     1                 
8020035a 8020035a        0     1                 
8020035a 8020035a        0     1                 
8020035a 8020035a        0     1                 
8020035a 8020035a        0     1                 
8020035a 8020035a        0     1                 
8020035a 8020035a      10c     1                 map_page
8020035c 8020035c        0     1                 
8020036a 8020036a        0     1                 
80200370 80200370        0     1                 
80200374 80200374        0     1                 
80200376 80200376        0     1                 
80200394 80200394        0     1                 
80200396 80200396        0     1                 
80200398 80200398        0     1                 
8020039a 8020039a        0     1                 
8020039c 8020039c        0     1                 
802003ba 802003ba        0     1                 
802003bc 802003bc        0     1                 
802003be 802003be        0     1                 
802003c2 802003c2        0     1                 
802003c4 802003c4        0     1                 
802003cc 802003cc        0     1                 
802003d0 802003d0        0     1                 
802003d8 802003d8        0     1                 
802003da 802003da        0     1                 
802003da 802003da        0     1                 
802003e2 802003e2        0     1                 
802003e4 802003e4        0     1                 
802003e6 802003e6        0     1                 
802003ee 802003ee        0     1                 
802003f2 802003f2        0     1                 
802003f6 802003f6        0     1                 
80200412 80200412        0     1                 
80200414 80200414        0     1                 
80200422 80200422        0     1                 
80200422 80200422        0     1                 
8020042a 8020042a        0     1                 
8020042e 8020042e        0     1                 
80200432 80200432        0     1                 
80200432 80200432        0     1                 
80200436 80200436        0     1                 
8020043e 8020043e        0     1                 
80200446 80200446        0     1                 
80200452 80200452        0     1                 
80200454 80200454        0     1                 
80200466 80200466        0     1                 
80200466 80200466        0     1                 
80200466 80200466        0     1                 
80200466 80200466        0     1                 
80200466 80200466        0     1                 
80200466 80200466       18     1                 user_entry
80200472 80200472        0     1                 
8020047e 8020047e        0     1                 
8020047e 8020047e        0     1                 
8020047e 8020047e        0     1                 
8020047e 8020047e        0     1                 
8020047e 8020047e        0     1                 
8020047e 8020047e      330     1                 create_process
80200480 80200480        0     1                 
8020049a 8020049a        0     1                 
802004a2 802004a2        0     1                 
802004a6 802004a6        0     1                 
802004a8 802004a8        0     1                 
802004aa 802004aa        0     1                 
802004b0 802004b0        0     1                 
802004b2 802004b2        0     1                 
802004b4 802004b4        0     1                 
802004c4 802004c4        0     1                 
802004c6 802004c6        0     1                 
802004c8 802004c8        0     1                 
802004d0 802004d0        0     1                 
802004d2 802004d2        0     1                 
802004d4 802004d4        0     1                 
802004e4 802004e4        0     1                 
802004e6 802004e6        0     1                 
802004e8 802004e8        0     1                 
802004f0 802004f0        0     1                 
802004f2 802004f2        0     1                 
802004f4 802004f4        0     1                 
80200504 80200504        0     1                 
80200506 80200506        0     1                 
80200508 80200508        0     1                 
80200510 80200510        0     1                 
80200512 80200512        0     1                 
80200514 80200514        0     1                 
80200530 80200530        0     1                 
80200532 80200532        0     1                 
80200556 80200556        0     1                 
8020055e 8020055e        0     1                 
80200562 80200562        0     1                 
80200564 80200564        0     1                 
8020056c 8020056c        0     1                 
8020056e 8020056e        0     1                 
80200576 80200576        0     1                 
80200578 80200578        0     1                 
8020057c 8020057c        0     1                 
80200580 80200580        0     1                 
80200588 80200588        0     1                 
8020058a 8020058a        0     1                 
80200592 80200592        0     1                 
80200594 80200594        0     1                 
8020059c 8020059c        0     1                 
8020059e 8020059e        0     1                 
802005a6 802005a6        0     1                 
802005a8 802005a8        0     1                 
802005b0 802005b0        0     1                 
802005b2 802005b2        0     1                 
802005ba 802005ba        0     1                 
802005bc 802005bc        0     1                 
802005c4 802005c4        0     1                 
802005c6 802005c6        0     1                 
802005ce 802005ce        0     1                 
802005d0 802005d0        0     1                 
802005d8 802005d8        0     1                 
802005dc 802005dc        0     1                 
802005e0 802005e0        0     1                 
802005e8 802005e8        0     1                 
802005f0 802005f0        0     1                 
802005f2 802005f2        0     1                 
802005fa 802005fa        0     1                 
80200602 80200602        0     1                 
8020061e 8020061e        0     1                 
80200620 80200620        0     1                 
80200624 80200624        0     1                 
80200634 80200634        0     1                 
80200634 80200634        0     1                 
80200640 80200640        0     1                 
80200648 80200648        0     1                 
80200658 80200658        0     1                 
80200658 80200658        0     1                 
8020065a 8020065a        0     1                 
8020065e 8020065e        0     1                 
8020065e 8020065e        0     1                 
80200662 80200662        0     1                 
80200666 80200666        0     1                 
80200668 80200668        0     1                 
80200668 80200668        0     1                 
80200670 80200670        0     1                 
80200672 80200672        0     1                 
80200674 80200674        0     1                 
8020067c 8020067c        0     1                 
80200680 80200680        0     1                 
80200684 80200684        0     1                 
802006a0 802006a0        0     1                 
802006a2 802006a2        0     1                 
802006b0 802006b0        0     1                 
802006b0 802006b0        0     1                 
802006b8 802006b8        0     1                 
802006bc 802006bc        0     1                 
802006c0 802006c0        0     1                 
802006c0 802006c0        0     1                 
802006c4 802006c4        0     1                 
802006c8 802006c8        0     1                 
802006d0 802006d0        0     1                 
802006d2 802006d2        0     1                 
802006d2 802006d2        0     1                 
802006d6 802006d6        0     1                 
802006f0 802006f0        0     1                 
802006fe 802006fe        0     1                 
802006fe 802006fe        0     1                 
80200702 80200702        0     1                 
80200710 80200710        0     1                 
80200710 80200710        0     1                 
80200712 80200712        0     1                 
8020071a 8020071a        0     1                 
8020071e 8020071e        0     1                 
80200722 80200722        0     1                 
8020072a 8020072a        0     1                 
8020072e 8020072e        0     1                 
8020073c 8020073c        0     1                 
8020073c 8020073c        0     1                 
80200744 80200744        0     1                 
8020074a 8020074a        0     1                 
8020074e 8020074e        0     1                 
80200756 80200756        0     1                 
80200766 80200766        0     1                 
80200768 80200768        0     1                 
8020076c 8020076c        0     1                 
80200770 80200770        0     1                 
80200790 80200790        0     1                 
802007ac 802007ac        0     1                 
802007ae 802007ae        0     1                 
802007ae 802007ae        0     1                 
802007ae 802007ae        0     1                 
802007ae 802007ae        0     1                 
802007ae 802007ae        0     1                 
802007ae 802007ae       10     1                 delay
802007b6 802007b6        0     1                 
802007b6 802007b6        0     1                 
802007b8 802007b8        0     1                 
802007ba 802007ba        0     1                 
802007bc 802007bc        0     1                 
802007bc 802007bc        0     1                 
802007be 802007be        0     1                 
802007be 802007be        0     1                 
802007be 802007be        0     1                 
802007be 802007be        0     1                 
802007be 802007be        0     1                 
802007be 802007be       86     1                 virtq_init
802007c0 802007c0        0     1                 
802007c0 802007c0        0     1                 
802007c0 802007c0        0     1                 
802007c6 802007c6        0     1                 
802007ce 802007ce        0     1                 
802007d2 802007d2        0     1                 
802007d4 802007d4        0     1                 
802007dc 802007dc        0     1                 
802007e0 802007e0        0     1                 
802007e4 802007e4        0     1                 
80200800 80200800        0     1                 
80200802 80200802        0     1                 
80200810 80200810        0     1                 
80200810 80200810        0     1                 
80200816 80200816        0     1                 
80200816 80200816        0     1                 
80200818 80200818        0     1                 
8020081e 8020081e        0     1                 
80200824 80200824        0     1                 
80200826 80200826        0     1                 
8020082c 8020082c        0     1                 
8020082c 8020082c        0     1                 
80200830 80200830        0     1                 
80200830 80200830        0     1                 
80200832 80200832        0     1                 
80200832 80200832        0     1                 
80200836 80200836        0     1                 
80200836 80200836        0     1                 
80200838 80200838        0     1                 
80200838 80200838        0     1                 
80200844 80200844        0     1                 
80200844 80200844        0     1                 
80200844 80200844        0     1                 
80200844 80200844        0     1                 
80200844 80200844        0     1                 
80200844 80200844      1a6     1                 virtio_blk_init
80200846 80200846        0     1                 
80200850 80200850        0     1                 
80200854 80200854        0     1                 
80200854 80200854        0     1                 
8020085e 8020085e        0     1                 
8020085e 8020085e        0     1                 
80200862 80200862        0     1                 
80200862 80200862        0     1                 
80200866 80200866        0     1                 
80200866 80200866        0     1                 
8020086a 8020086a        0     1                 
8020086e 8020086e        0     1                 
8020086e 8020086e        0     1                 
80200872 80200872        0     1                 
80200872 80200872        0     1                 
80200876 80200876        0     1                 
80200876 80200876        0     1                 
8020087a 8020087a        0     1                 
8020087a 8020087a        0     1                 
8020087c 8020087c        0     1                 
8020087c 8020087c        0     1                 
80200880 80200880        0     1                 
80200880 80200880        0     1                 
80200882 80200882        0     1                 
80200882 80200882        0     1                 
80200884 80200884        0     1                 
80200884 80200884        0     1                 
80200888 80200888        0     1                 
80200888 80200888        0     1                 
8020088a 8020088a        0     1                 
8020088a 8020088a        0     1                 
8020088c 8020088c        0     1                 
8020088c 8020088c        0     1                 
80200890 80200890        0     1                 
80200890 80200890        0     1                 
80200892 80200892        0     1                 
80200892 80200892        0     1                 
8020089a 8020089a        0     1                 
8020089c 8020089c        0     1                 
8020089e 8020089e        0     1                 
802008a6 802008a6        0     1                 
802008aa 802008aa        0     1                 
802008ae 802008ae        0     1                 
802008ca 802008ca        0     1                 
802008cc 802008cc        0     1                 
802008e8 802008e8        0     1                 
802008ea 802008ea        0     1                 
80200906 80200906        0     1                 
80200908 80200908        0     1                 
80200924 80200924        0     1                 
80200926 80200926        0     1                 
80200934 80200934        0     1                 
80200934 80200934        0     1                 
8020093a 8020093a        0     1                 
8020093c 8020093c        0     1                 
80200944 80200944        0     1                 
8020094a 8020094a        0     1                 
8020094c 8020094c        0     1                 
80200952 80200952        0     1                 
80200952 80200952        0     1                 
80200958 80200958        0     1                 
80200958 80200958        0     1                 
8020095a 8020095a        0     1                 
8020095a 8020095a        0     1                 
8020095e 8020095e        0     1                 
8020095e 8020095e        0     1                 
80200960 80200960        0     1                 
80200960 80200960        0     1                 
8020096a 8020096a        0     1                 
8020096a 8020096a        0     1                 
8020096c 8020096c        0     1                 
8020096c 8020096c        0     1                 
80200974 80200974        0     1                 
80200974 80200974        0     1                 
80200978 80200978        0     1                 
80200980 80200980        0     1                 
80200990 80200990        0     1                 
80200990 80200990        0     1                 
80200994 80200994        0     1                 
8020099c 8020099c        0     1                 
802009a0 802009a0        0     1                 
802009bc 802009bc        0     1                 
802009be 802009be        0     1                 
802009cc 802009cc        0     1                 
802009cc 802009cc        0     1                 
802009d4 802009d4        0     1                 
802009dc 802009dc        0     1                 
802009ea 802009ea        0     1                 
802009ea 802009ea        0     1                 
802009ea 802009ea        0     1                 
802009ea 802009ea        0     1                 
802009ea 802009ea        0     1                 
802009ea 802009ea        0     1                 
802009ea 802009ea       38     1                 virtq_kick
802009f4 802009f4        0     1                 
802009f6 802009f6        0     1                 
802009fa 802009fa        0     1                 
802009fc 802009fc        0     1                 
802009fe 802009fe        0     1                 
80200a02 80200a02        0     1                 
80200a0a 80200a0a        0     1                 
80200a0e 80200a0e        0     1                 
80200a10 80200a10        0     1                 
80200a14 80200a14        0     1                 
80200a14 80200a14        0     1                 
80200a16 80200a16        0     1                 
80200a16 80200a16        0     1                 
80200a20 80200a20        0     1                 
80200a22 80200a22        0     1                 
80200a22 80200a22        0     1                 
80200a22 80200a22        0     1                 
80200a22 80200a22        0     1                 
80200a22 80200a22        0     1                 
80200a22 80200a22       1a     1                 virtq_is_busy
80200a28 80200a28        0     1                 
80200a2a 80200a2a        0     1                 
80200a2c 80200a2c        0     1                 
80200a30 80200a30        0     1                 
80200a34 80200a34        0     1                 
80200a3a 80200a3a        0     1                 
80200a3c 80200a3c        0     1                 
80200a3c 80200a3c        0     1                 
80200a3c 80200a3c        0     1                 
80200a3c 80200a3c        0     1                 
80200a3c 80200a3c        0     1                 
80200a3c 80200a3c      172     1                 read_write_disk
80200a3e 80200a3e        0     1                 
80200a3e 80200a3e        0     1                 
80200a46 80200a46        0     1                 
80200a4e 80200a4e        0     1                 
80200a52 80200a52        0     1                 
80200a56 80200a56        0     1                 
80200a5a 80200a5a        0     1                 
80200a62 80200a62        0     1                 
80200a8e 80200a8e        0     1                 
80200a92 80200a92        0     1                 
80200aa2 80200aa2        0     1                 
80200aa4 80200aa4        0     1                 
80200aa6 80200aa6        0     1                 
80200ab4 80200ab4        0     1                 
80200ab4 80200ab4        0     1                 
80200ab8 80200ab8        0     1                 
80200ac4 80200ac4        0     1                 
80200ac8 80200ac8        0     1                 
80200ad0 80200ad0        0     1                 
80200ad2 80200ad2        0     1                 
80200ade 80200ade        0     1                 
80200ae0 80200ae0        0     1                 
80200ae8 80200ae8        0     1                 
80200aee 80200aee        0     1                 
80200af0 80200af0        0     1                 
80200af4 80200af4        0     1                 
80200afe 80200afe        0     1                 
80200b00 80200b00        0     1                 
80200b06 80200b06        0     1                 
80200b0a 80200b0a        0     1                 
80200b0e 80200b0e        0     1                 
80200b14 80200b14        0     1                 
80200b1a 80200b1a        0     1                 
80200b1c 80200b1c        0     1                 
80200b20 80200b20        0     1                 
80200b24 80200b24        0     1                 
80200b26 80200b26        0     1                 
80200b28 80200b28        0     1                 
80200b2c 80200b2c        0     1                 
80200b34 80200b34        0     1                 
80200b38 80200b38        0     1                 
80200b3e 80200b3e        0     1                 
80200b3e 80200b3e        0     1                 
80200b40 80200b40        0     1                 
80200b40 80200b40        0     1                 
80200b52 80200b52        0     1                 
80200b52 80200b52        0     1                 
80200b56 80200b56        0     1                 
80200b56 80200b56        0     1                 
80200b5a 80200b5a        0     1                 
80200b62 80200b62        0     1                 
80200b66 80200b66        0     1                 
80200b68 80200b68        0     1                 
80200b72 80200b72        0     1                 
80200b7c 80200b7c        0     1                 
80200b84 80200b84        0     1                 
80200b86 80200b86        0     1                 
80200b92 80200b92        0     1                 
80200b96 80200b96        0     1                 
80200ba6 80200ba6        0     1                 
80200bae 80200bae        0     1                 
80200bae 80200bae        0     1                 
80200bae 80200bae        0     1                 
80200bae 80200bae        0     1                 
80200bae 80200bae        0     1                 
80200bae 80200bae       2c     1                 oct2int
80200bb0 80200bb0        0     1                 
80200bb0 80200bb0        0     1                 
80200bb4 80200bb4        0     1                 
80200bb8 80200bb8        0     1                 
80200bbc 80200bbc        0     1                 
80200bc8 80200bc8        0     1                 
80200bca 80200bca        0     1                 
80200bcc 80200bcc        0     1                 
80200bd0 80200bd0        0     1                 
80200bd4 80200bd4        0     1                 
80200bd6 80200bd6        0     1                 
80200bd6 80200bd6        0     1                 
80200bda 80200bda        0     1                 
80200bda 80200bda        0     1                 
80200bda 80200bda        0     1                 
80200bda 80200bda        0     1                 
80200bda 80200bda        0     1                 
80200bda 80200bda      286     1                 fs_init
80200bdc 80200bdc        0     1                 
80200bdc 80200bdc        0     1                 
80200bdc 80200bdc        0     1                 
80200bf6 80200bf6        0     1                 
80200bfe 80200bfe        0     1                 
80200c0c 80200c0c        0     1                 
80200c0c 80200c0c        0     1                 
80200c10 80200c10        0     1                 
80200c1e 80200c1e        0     1                 
80200c1e 80200c1e        0     1                 
80200c22 80200c22        0     1                 
80200c30 80200c30        0     1                 
80200c30 80200c30        0     1                 
80200c34 80200c34        0     1                 
80200c40 80200c40        0     1                 
80200c40 80200c40        0     1                 
80200c44 80200c44        0     1                 
80200c50 80200c50        0     1                 
80200c50 80200c50        0     1                 
80200c72 80200c72        0     1                 
80200c74 80200c74        0     1                 
80200c82 80200c82        0     1                 
80200c86 80200c86        0     1                 
80200c8a 80200c8a        0     1                 
80200c96 80200c96        0     1                 
80200c96 80200c96        0     1                 
80200c9a 80200c9a        0     1                 
80200c9e 80200c9e        0     1                 
80200ca8 80200ca8        0     1                 
80200ca8 80200ca8        0     1                 
80200cac 80200cac        0     1                 
80200cba 80200cba        0     1                 
80200cba 80200cba        0     1                 
80200cc2 80200cc2        0     1                 
80200cc6 80200cc6        0     1                 
80200cc8 80200cc8        0     1                 
80200cca 80200cca        0     1                 
80200cce 80200cce        0     1                 
80200cd2 80200cd2        0     1                 
80200cd6 80200cd6        0     1                 
80200cda 80200cda        0     1                 
80200cde 80200cde        0     1                 
80200cea 80200cea        0     1                 
80200cea 80200cea        0     1                 
80200cee 80200cee        0     1                 
80200cee 80200cee        0     1                 
80200cf2 80200cf2        0     1                 
80200cfe 80200cfe        0     1                 
80200d02 80200d02        0     1                 
80200d0a 80200d0a        0     1                 
80200d0e 80200d0e        0     1                 
80200d12 80200d12        0     1                 
80200d16 80200d16        0     1                 
80200d1a 80200d1a        0     1                 
80200d1c 80200d1c        0     1                 
80200d24 80200d24        0     1                 
80200d28 80200d28        0     1                 
80200d2c 80200d2c        0     1                 
80200d30 80200d30        0     1                 
80200d34 80200d34        0     1                 
80200d36 80200d36        0     1                 
80200d3e 80200d3e        0     1                 
80200d42 80200d42        0     1                 
80200d46 80200d46        0     1                 
80200d4a 80200d4a        0     1                 
80200d4e 80200d4e        0     1                 
80200d50 80200d50        0     1                 
80200d58 80200d58        0     1                 
80200d5c 80200d5c        0     1                 
80200d60 80200d60        0     1                 
80200d64 80200d64        0     1                 
80200d68 80200d68        0     1                 
80200d6a 80200d6a        0     1                 
80200d72 80200d72        0     1                 
80200d76 80200d76        0     1                 
80200d7a 80200d7a        0     1                 
80200d7e 80200d7e        0     1                 
80200d82 80200d82        0     1                 
80200d84 80200d84        0     1                 
80200d8c 80200d8c        0     1                 
80200d90 80200d90        0     1                 
80200d94 80200d94        0     1                 
80200d98 80200d98        0     1                 
80200d9c 80200d9c        0     1                 
80200d9e 80200d9e        0     1                 
80200da6 80200da6        0     1                 
80200daa 80200daa        0     1                 
80200dae 80200dae        0     1                 
80200db2 80200db2        0     1                 
80200db6 80200db6        0     1                 
80200db8 80200db8        0     1                 
80200dc0 80200dc0        0     1                 
80200dc4 80200dc4        0     1                 
80200dc8 80200dc8        0     1                 
80200dcc 80200dcc        0     1                 
80200dd0 80200dd0        0     1                 
80200dd2 80200dd2        0     1                 
80200dda 80200dda        0     1                 
80200dde 80200dde        0     1                 
80200de2 80200de2        0     1                 
80200de6 80200de6        0     1                 
80200dea 80200dea        0     1                 
80200dec 80200dec        0     1                 
80200df4 80200df4        0     1                 
80200df8 80200df8        0     1                 
80200dfc 80200dfc        0     1                 
80200e00 80200e00        0     1                 
80200e04 80200e04        0     1                 
80200e06 80200e06        0     1                 
80200e0e 80200e0e        0     1                 
80200e12 80200e12        0     1                 
80200e16 80200e16        0     1                 
80200e1a 80200e1a        0     1                 
80200e1c 80200e1c        0     1                 
80200e20 80200e20        0     1                 
80200e22 80200e22        0     1                 
80200e22 80200e22        0     1                 
80200e40 80200e40        0     1                 
80200e5e 80200e5e        0     1                 
80200e60 80200e60        0     1                 
80200e60 80200e60        0     1                 
80200e60 80200e60        0     1                 
80200e60 80200e60        0     1                 
80200e60 80200e60        0     1                 
80200e60 80200e60      324     1                 fs_flush
80200e62 80200e62        0     1                 
80200e62 80200e62        0     1                 
80200e7c 80200e7c        0     1                 
80200e96 80200e96        0     1                 
80200e96 80200e96        0     1                 
80200ec6 80200ec6        0     1                 
80200ec6 80200ec6        0     1                 
80200ecc 80200ecc        0     1                 
80200ece 80200ece        0     1                 
80200ed2 80200ed2        0     1                 
80200ed2 80200ed2        0     1                 
80200ee0 80200ee0        0     1                 
80200ee2 80200ee2        0     1                 
80200ee8 80200ee8        0     1                 
80200ef8 80200ef8        0     1                 
80200ef8 80200ef8        0     1                 
80200efc 80200efc        0     1                 
80200f00 80200f00        0     1                 
80200f0a 80200f0a        0     1                 
80200f0a 80200f0a        0     1                 
80200f0e 80200f0e        0     1                 
80200f18 80200f18        0     1                 
80200f18 80200f18        0     1                 
80200f1c 80200f1c        0     1                 
80200f26 80200f26        0     1                 
80200f26 80200f26        0     1                 
80200f2a 80200f2a        0     1                 
80200f34 80200f34        0     1                 
80200f34 80200f34        0     1                 
80200f38 80200f38        0     1                 
80200f3a 80200f3a        0     1                 
80200f3e 80200f3e        0     1                 
80200f4c 80200f4c        0     1                 
80200f54 80200f54        0     1                 
80200f58 80200f58        0     1                 
80200f5c 80200f5c        0     1                 
80200f6a 80200f6a        0     1                 
80200f6e 80200f6e        0     1                 
80200f72 80200f72        0     1                 
80200f7a 80200f7a        0     1                 
80200f86 80200f86        0     1                 
80200f8a 80200f8a        0     1                 
80200f8e 80200f8e        0     1                 
80200f96 80200f96        0     1                 
80200fa2 80200fa2        0     1                 
80200fa6 80200fa6        0     1                 
80200faa 80200faa        0     1                 
80200fb2 80200fb2        0     1                 
80200fbe 80200fbe        0     1                 
80200fc2 80200fc2        0     1                 
80200fc6 80200fc6        0     1                 
80200fce 80200fce        0     1                 
80200fda 80200fda        0     1                 
80200fde 80200fde        0     1                 
80200fe2 80200fe2        0     1                 
80200fea 80200fea        0     1                 
80200ff8 80200ff8        0     1                 
80200ffc 80200ffc        0     1                 
80201000 80201000        0     1                 
80201008 80201008        0     1                 
80201016 80201016        0     1                 
8020101a 8020101a        0     1                 
8020101e 8020101e        0     1                 
80201028 80201028        0     1                 
80201038 80201038        0     1                 
8020103c 8020103c        0     1                 
80201040 80201040        0     1                 
80201048 80201048        0     1                 
80201056 80201056        0     1                 
8020105a 8020105a        0     1                 
8020105e 8020105e        0     1                 
80201062 80201062        0     1                 
80201068 80201068        0     1                 
8020106c 8020106c        0     1                 
80201078 80201078        0     1                 
80201078 80201078        0     1                 
80201080 80201080        0     1                 
80201082 80201082        0     1                 
80201084 80201084        0     1                 
80201088 80201088        0     1                 
80201088 80201088        0     1                 
80201090 80201090        0     1                 
80201094 80201094        0     1                 
8020109e 8020109e        0     1                 
802010a2 802010a2        0     1                 
802010a6 802010a6        0     1                 
802010ac 802010ac        0     1                 
802010b0 802010b0        0     1                 
802010b4 802010b4        0     1                 
802010ba 802010ba        0     1                 
802010be 802010be        0     1                 
802010c2 802010c2        0     1                 
802010c8 802010c8        0     1                 
802010cc 802010cc        0     1                 
802010d0 802010d0        0     1                 
802010d6 802010d6        0     1                 
802010da 802010da        0     1                 
802010da 802010da        0     1                 
802010de 802010de        0     1                 
802010e2 802010e2        0     1                 
802010ea 802010ea        0     1                 
802010ea 802010ea        0     1                 
802010f6 802010f6        0     1                 
802010f8 802010f8        0     1                 
802010fa 802010fa        0     1                 
80201102 80201102        0     1                 
80201102 80201102        0     1                 
80201110 80201110        0     1                 
80201110 80201110        0     1                 
80201114 80201114        0     1                 
80201120 80201120        0     1                 
80201120 80201120        0     1                 
80201124 80201124        0     1                 
80201132 80201132        0     1                 
80201132 80201132        0     1                 
80201136 80201136        0     1                 
80201142 80201142        0     1                 
80201142 80201142        0     1                 
80201146 80201146        0     1                 
80201152 80201152        0     1                 
80201152 80201152        0     1                 
8020117c 8020117c        0     1                 
80201184 80201184        0     1                 
80201184 80201184        0     1                 
80201184 80201184        0     1                 
80201184 80201184        0     1                 
80201184 80201184        0     1                 
80201184 80201184       50     1                 fs_lookup
80201186 80201186        0     1                 
8020118c 8020118c        0     1                 
8020119a 8020119a        0     1                 
8020119a 8020119a        0     1                 
802011a4 802011a4        0     1                 
802011a4 802011a4        0     1                 
802011aa 802011aa        0     1                 
802011b4 802011b4        0     1                 
802011ba 802011ba        0     1                 
802011c4 802011c4        0     1                 
802011ca 802011ca        0     1                 
802011ca 802011ca        0     1                 
802011d4 802011d4        0     1                 
802011d4 802011d4        0     1                 
802011d4 802011d4        0     1                 
802011d4 802011d4        0     1                 
802011d4 802011d4        0     1                 
802011d4 802011d4      292     1                 handle_syscall
802011d6 802011d6        0     1                 
802011ee 802011ee        0     1                 
802011f0 802011f0        0     1                 
80201212 80201212        0     1                 
80201216 80201216        0     1                 
80201218 80201218        0     1                 
8020121c 8020121c        0     1                 
8020121e 8020121e        0     1                 
80201222 80201222        0     1                 
80201224 80201224        0     1                 
80201228 80201228        0     1                 
80201230 80201230        0     1                 
80201232 80201232        0     1                 
80201242 80201242        0     1                 
80201242 80201242        0     1                 
80201248 80201248        0     1                 
8020124a 8020124a        0     1                 
80201252 80201252        0     1                 
80201252 80201252        0     1                 
8020126e 8020126e        0     1                 
80201270 80201270        0     1                 
8020127a 8020127a        0     1                 
80201290 80201290        0     1                 
802012a0 802012a0        0     1                 
802012b0 802012b0        0     1                 
802012b8 802012b8        0     1                 
802012c4 802012c4        0     1                 
802012c4 802012c4        0     1                 
802012ce 802012ce        0     1                 
802012ce 802012ce        0     1                 
802012d4 802012d4        0     1                 
802012de 802012de        0     1                 
802012de 802012de        0     1                 
802012e0 802012e0        0     1                 
802012e0 802012e0        0     1                 
802012f2 802012f2        0     1                 
802012f2 802012f2        0     1                 
802012f6 802012f6        0     1                 
802012fa 802012fa        0     1                 
802012fa 802012fa        0     1                 
8020130c 8020130c        0     1                 
8020130e 8020130e        0     1                 
8020130e 8020130e        0     1                 
80201322 80201322        0     1                 
80201326 80201326        0     1                 
8020132e 8020132e        0     1                 
8020132e 8020132e        0     1                 
80201342 80201342        0     1                 
80201346 80201346        0     1                 
8020135c 8020135c        0     1                 
8020135e 8020135e        0     1                 
8020135e 8020135e        0     1                 
8020137a 8020137a        0     1                 
8020137c 8020137c        0     1                 
802013ae 802013ae        0     1                 
802013b2 802013b2        0     1                 
802013b6 802013b6        0     1                 
802013c8 802013c8        0     1                 
802013ca 802013ca        0     1                 
802013ec 802013ec        0     1                 
80201402 80201402        0     1                 
80201406 80201406        0     1                 
80201412 80201412        0     1                 
80201412 80201412        0     1                 
80201416 80201416        0     1                 
8020141e 8020141e        0     1                 
8020141e 8020141e        0     1                 
80201420 80201420        0     1                 
8020142e 8020142e        0     1                 
8020142e 8020142e        0     1                 
8020144a 8020144a        0     1                 
80201466 80201466        0     1                 
80201466 80201466        0     1                 
80201466 80201466        0     1                 
80201466 80201466        0     1                 
80201466 80201466        0     1                 
80201466 80201466       50     1                 handle_trap
80201468 80201468        0     1                 
80201468 80201468        0     1                 
80201468 80201468        0     1                 
8020146c 8020146c        0     1                 
80201470 80201470        0     1                 
80201470 80201470        0     1                 
80201474 80201474        0     1                 
80201476 80201476        0     1                 
80201476 80201476        0     1                 
8020147a 8020147a        0     1                 
8020147a 8020147a        0     1                 
8020147e 8020147e        0     1                 
80201486 80201486        0     1                 
80201486 80201486        0     1                 
8020148a 8020148a        0     1                 
8020148a 8020148a        0     1                 
8020148e 8020148e        0     1                 
8020148e 8020148e        0     1                 
80201496 80201496        0     1                 
802014b4 802014b4        0     1                 
802014b6 802014b6        0     1                 
802014b6 802014b6        0     1                 
802014b6 802014b6        0     1                 
802014b6 802014b6        0     1                 
802014b6 802014b6        0     1                 
802014b6 802014b6       66     1                 proc_a_entry
802014b8 802014b8        0     1                 
802014b8 802014b8        0     1                 
802014c0 802014c0        0     1                 
802014d0 802014d0        0     1                 
802014d0 802014d0        0     1                 
802014e0 802014e0        0     1                 
802014e0 802014e0        0     1                 
802014f6 802014f6        0     1                 
802014f6 802014f6        0     1                 
802014fa 802014fa        0     1                 
802014fe 802014fe        0     1                 
80201500 80201500        0     1                 
80201502 80201502        0     1                 
8020150a 8020150a        0     1                 
8020150a 8020150a        0     1                 
8020150c 8020150c        0     1                 
8020150c 8020150c        0     1                 
8020150e 8020150e        0     1                 
80201510 80201510        0     1                 
80201512 80201512        0     1                 
80201512 80201512        0     1                 
8020151a 8020151a        0     1                 
8020151a 8020151a        0     1                 
8020151c 8020151c        0     1                 
8020151c 8020151c        0     1                 
8020151c 8020151c        0     1                 
8020151c 8020151c        0     1                 
8020151c 8020151c        0     1                 
8020151c 8020151c       66     1                 proc_b_entry
8020151e 8020151e        0     1                 
8020151e 8020151e        0     1                 
80201526 80201526        0     1                 
80201536 80201536        0     1                 
80201536 80201536        0     1                 
80201546 80201546        0     1                 
80201546 80201546        0     1                 
8020155c 8020155c        0     1                 
8020155c 8020155c        0     1                 
80201560 80201560        0     1                 
80201564 80201564        0     1                 
80201566 80201566        0     1                 
80201568 80201568        0     1                 
80201570 80201570        0     1                 
80201570 80201570        0     1                 
80201572 80201572        0     1                 
80201572 80201572        0     1                 
80201574 80201574        0     1                 
80201576 80201576        0     1                 
80201578 80201578        0     1                 
80201578 80201578        0     1                 
80201580 80201580        0     1                 
80201580 80201580        0     1                 
80201582 80201582        0     1                 
80201582 80201582        0     1                 
80201582 80201582        0     1                 
80201582 80201582        0     1                 
80201582 80201582        0     1                 
80201582 80201582       f0     1                 kernel_main
80201586 80201586        0     1                 
80201586 80201586        0     1                 
8020158a 8020158a        0     1                 
802015a8 802015a8        0     1                 
802015a8 802015a8        0     1                 
802015b8 802015b8        0     1                 
802015b8 802015b8        0     1                 
802015c4 802015c4        0     1                 
802015c4 802015c4        0     1                 
802015cc 802015cc        0     1                 
802015cc 802015cc        0     1                 
802015d4 802015d4        0     1                 
802015d4 802015d4        0     1                 
802015e2 802015e2        0     1                 
802015e2 802015e2        0     1                 
802015f4 802015f4        0     1                 
802015f4 802015f4        0     1                 
80201606 80201606        0     1                 
80201606 80201606        0     1                 
80201614 80201614        0     1                 
80201614 80201614        0     1                 
80201620 80201620        0     1                 
80201620 80201620        0     1                 
8020162a 8020162a        0     1                 
8020162c 8020162c        0     1                 
80201634 80201634        0     1                 
8020164c 8020164c        0     1                 
8020164c 8020164c        0     1                 
80201654 80201654        0     1                 
80201654 80201654        0     1                 
80201670 80201670        0     1                 
80201672 80201672        0     1                 
80201672 80201672        0     1                 
80201674 80201674      282     4         /tmp/common-de536d.o:(.text)
80201674 80201674        0     1                 
80201674 80201674        0     1                 
80201674 80201674        0     1                 
80201674 80201674      1f8     1                 printf
80201676 80201676        0     1                 
80201690 80201690        0     1                 
802016a2 802016a2        0     1                 
802016ca 802016ca        0     1                 
802016ce 802016ce        0     1                 
802016d0 802016d0        0     1                 
802016d4 802016d4        0     1                 
802016dc 802016dc        0     1                 
802016e4 802016e4        0     1                 
802016e4 802016e4        0     1                 
802016e6 802016e6        0     1                 
802016e8 802016e8        0     1                 
802016ec 802016ec        0     1                 
802016ee 802016ee        0     1                 
802016fe 802016fe        0     1                 
8020170a 8020170a        0     1                 
8020170e 8020170e        0     1                 
80201710 80201710        0     1                 
80201716 80201716        0     1                 
8020171e 8020171e        0     1                 
8020171e 8020171e        0     1                 
80201728 80201728        0     1                 
80201728 80201728        0     1                 
8020172c 8020172c        0     1                 
80201732 80201732        0     1                 
8020173a 8020173a        0     1                 
8020173a 8020173a        0     1                 
8020173e 8020173e        0     1                 
80201740 80201740        0     1                 
80201746 80201746        0     1                 
8020174e 8020174e        0     1                 
8020174e 8020174e        0     1                 
80201752 80201752        0     1                 
80201754 80201754        0     1                 
8020175a 8020175a        0     1                 
80201762 80201762        0     1                 
80201762 80201762        0     1                 
80201766 80201766        0     1                 
80201768 80201768        0     1                 
8020176e 8020176e        0     1                 
80201776 80201776        0     1                 
80201776 80201776        0     1                 
8020177a 8020177a        0     1                 
8020177c 8020177c        0     1                 
80201782 80201782        0     1                 
8020178a 8020178a        0     1                 
8020178a 8020178a        0     1                 
8020178e 8020178e        0     1                 
80201790 80201790        0     1                 
80201796 80201796        0     1                 
8020179e 8020179e        0     1                 
8020179e 8020179e        0     1                 
802017a2 802017a2        0     1                 
802017a4 802017a4        0     1                 
802017aa 802017aa        0     1                 
802017b2 802017b2        0     1                 
802017b2 802017b2        0     1                 
802017b6 802017b6        0     1                 
802017bc 802017bc        0     1                 
802017bc 802017bc        0     1                 
802017c4 802017c4        0     1                 
802017c4 802017c4        0     1                 
802017c6 802017c6        0     1                 
802017c8 802017c8        0     1                 
802017c8 802017c8        0     1                 
802017d2 802017d2        0     1                 
802017d6 802017d6        0     1                 
802017de 802017de        0     1                 
802017ea 802017ea        0     1                 
802017ea 802017ea        0     1                 
802017ee 802017ee        0     1                 
802017f4 802017f4        0     1                 
802017f4 802017f4        0     1                 
80201800 80201800        0     1                 
80201800 80201800        0     1                 
80201804 80201804        0     1                 
80201806 80201806        0     1                 
8020180a 8020180a        0     1                 
8020180c 8020180c        0     1                 
80201810 80201810        0     1                 
80201814 80201814        0     1                 
80201818 80201818        0     1                 
8020181a 8020181a        0     1                 
8020181e 8020181e        0     1                 
80201822 80201822        0     1                 
8020182e 8020182e        0     1                 
8020182e 8020182e        0     1                 
80201836 80201836        0     1                 
8020183c 8020183c        0     1                 
80201842 80201842        0     1                 
8020184e 8020184e        0     1                 
8020184e 8020184e        0     1                 
8020186c 8020186c        0     1                 
8020186c 8020186c        0     1                 
8020186c 8020186c        0     1                 
8020186c 8020186c        0     1                 
8020186c 8020186c        0     1                 
8020186c 8020186c        0     1                 
8020186c 8020186c       1a     1                 memcpy
8020186e 8020186e        0     1                 
80201870 80201870        0     1                 
80201874 80201874        0     1                 
80201876 80201876        0     1                 
80201878 80201878        0     1                 
8020187c 8020187c        0     1                 
80201880 80201880        0     1                 
80201882 80201882        0     1                 
80201884 80201884        0     1                 
80201886 80201886        0     1                 
80201886 80201886        0     1                 
80201886 80201886        0     1                 
80201886 80201886        0     1                 
80201886 80201886        0     1                 
80201886 80201886        0     1                 
80201886 80201886       14     1                 memset
80201888 80201888        0     1                 
8020188a 8020188a        0     1                 
8020188c 8020188c        0     1                 
80201890 80201890        0     1                 
80201894 80201894        0     1                 
80201896 80201896        0     1                 
80201898 80201898        0     1                 
8020189a 8020189a        0     1                 
8020189a 8020189a        0     1                 
8020189a 8020189a        0     1                 
8020189a 8020189a        0     1                 
8020189a 8020189a        0     1                 
8020189a 8020189a        0     1                 
8020189a 8020189a       24     1                 strcpy
802018a0 802018a0        0     1                 
802018a4 802018a4        0     1                 
802018a6 802018a6        0     1                 
802018aa 802018aa        0     1                 
802018ae 802018ae        0     1                 
802018b2 802018b2        0     1                 
802018b4 802018b4        0     1                 
802018b6 802018b6        0     1                 
802018b8 802018b8        0     1                 
802018bc 802018bc        0     1                 
802018be 802018be        0     1                 
802018be 802018be        0     1                 
802018be 802018be        0     1                 
802018be 802018be        0     1                 
802018be 802018be        0     1                 
802018be 802018be        0     1                 
802018be 802018be       38     1                 strcmp
802018c2 802018c2        0     1                 
802018c4 802018c4        0     1                 
802018c6 802018c6        0     1                 
802018ca 802018ca        0     1                 
802018d8 802018d8        0     1                 
802018dc 802018dc        0     1                 
802018e0 802018e0        0     1                 
802018e2 802018e2        0     1                 
802018e6 802018e6        0     1                 
802018e8 802018e8        0     1                 
802018ec 802018ec        0     1                 
802018f0 802018f0        0     1                 
802018f4 802018f4        0     1                 
802018f6 802018f6        0     1                 
802018f6 802018f6        0     1                 
802018f8 802018f8      33c     4 .rodata
802018f8 802018f8      33c     1         <internal>:(.rodata)
80201c34 80201c34    10530     4 .data
80201c34 80201c34    10530     1         shell.bin.o:(.data)
80201c34 80201c34        0     1                 _binary_shell_bin_start
80212164 80212164        0     1                 _binary_shell_bin_end
80212164 80212164        4     4 .sdata
80212164 80212164        4     4         /tmp/kernel-62c570.o:(.sdata)
80212164 80212164        4     1                 alloc_pages.next_paddr
80212168 80212168    11378     4 .bss
80212168 80212168        0     1         __bss = .
80212168 80212168       20     4         /tmp/kernel-62c570.o:(.sbss)
80212168 80212168        4     1                 idle_proc
8021216c 8021216c        4     1                 current_proc
80212170 80212170        4     1                 blk_request_vq
80212174 80212174        4     1                 blk_capacity
80212178 80212178        4     1                 blk_req_paddr
8021217c 8021217c        4     1                 blk_req
80212180 80212180        4     1                 proc_a
80212184 80212184        4     1                 proc_b
80212188 80212188    11358     4         /tmp/kernel-62c570.o:(.bss)
80212188 80212188    10080     1                 procs
80222208 80222208      a00     1                 disk
80222c08 80222c08      8d8     1                 files
802234e0 802234e0        0     1         __bss_end = .
802234e0 802234e0        0     1 . = ALIGN ( 4 )
802234e0 802234e0    20000     1 . += 128 * 1024
802434e0 802434e0        0     1 __stack_top = .
802434e0 802434e0      b20     1 . = ALIGN ( 4096 )
80244000 80244000        0     1 __free_ram = .
80244000 80244000  4000000     1 . += 64 * 1024 * 1024
84244000 84244000        0     1 __free_ram_end = .
       0        0      e5c     1 .debug_loclists
       0        0      c23     1         /tmp/kernel-62c570.o:(.debug_loclists)
       c        c        0     1                 
     c23      c23      239     1         /tmp/common-de536d.o:(.debug_loclists)
     c2f      c2f        0     1                 
       0        0      43a     1 .debug_abbrev
       0        0      335     1         /tmp/kernel-62c570.o:(.debug_abbrev)
     335      335      105     1         /tmp/common-de536d.o:(.debug_abbrev)
       0        0     1913     1 .debug_info
       0        0     16fb     1         /tmp/kernel-62c570.o:(.debug_info)
    16fb     16fb      218     1         /tmp/common-de536d.o:(.debug_info)
       0        0      142     1 .debug_rnglists
       0        0      127     1         /tmp/kernel-62c570.o:(.debug_rnglists)
       c        c        0     1                 
     127      127       1b     1         /tmp/common-de536d.o:(.debug_rnglists)
     133      133        0     1                 
       0        0      3a0     1 .debug_str_offsets
       0        0      310     1         /tmp/kernel-62c570.o:(.debug_str_offsets)
       8        8        0     1                 
     310      310       90     1         /tmp/common-de536d.o:(.debug_str_offsets)
     318      318        0     1                 
       0        0      622     1 .debug_str
       0        0      622     1         <internal>:(.debug_str)
       0        0      32c     1 .debug_addr
       0        0      2d0     1         /tmp/kernel-62c570.o:(.debug_addr)
       8        8        0     1                 
     2d0      2d0       5c     1         /tmp/common-de536d.o:(.debug_addr)
     2d8      2d8        0     1                 
       0        0       42     1 .comment
       0        0       42     1         <internal>:(.comment)
       0        0       2b     1 .riscv.attributes
       0        0       2b     1         /tmp/kernel-62c570.o:(.riscv.attributes)
       0        0      36c     4 .debug_frame
       0        0      2e8     4         /tmp/kernel-62c570.o:(.debug_frame)
       0        0        0     1                 
     2e8      2e8       84     4         /tmp/common-de536d.o:(.debug_frame)
     2e8      2e8        0     1                 
       0        0     1d43     1 .debug_line
       0        0     18f1     1         /tmp/kernel-62c570.o:(.debug_line)
       0        0        0     1                 .Lline_table_start0
    18f1     18f1      452     1         /tmp/common-de536d.o:(.debug_line)
    18f1     18f1        0     1                 .Lline_table_start0
       0        0       2f     1 .debug_line_str
       0        0       2f     1         <internal>:(.debug_line_str)
       0        0     5f30     4 .symtab
       0        0     5f30     4         <internal>:(.symtab)
       0        0       e3     1 .shstrtab
       0        0       e3     1         <internal>:(.shstrtab)
       0        0      2d4     1 .strtab
       0        0      2d4     1         <internal>:(.strtab)
