     VMA      LMA     Size Align Out     In      Symbol
       0        0  1000000     1 . = 0x1000000
 1000000  1000000      48e     4 .text
 1000000  1000000       1a     2         /tmp/user-436ec9.o:(.text.start)
 1000000  1000000        0     1                 
 1000000  1000000        0     1                 
 1000000  1000000        0     1                 
 1000000  1000000        0     1                 
 1000000  1000000       1a     1                 start
 100001a  100001a        0     1                 
 100001a  100001a        0     1                 
 100001c  100001c      1a6     4         /tmp/shell-93ab7b.o:(.text)
 100001c  100001c        0     1                 
 100001c  100001c        0     1                 
 100001c  100001c        0     1                 
 100001c  100001c      1a6     1                 main
 100001e  100001e        0     1                 
 1000052  1000052        0     1                 
 10000c8  10000c8        0     1                 
 10000c8  10000c8        0     1                 
 10000d2  10000d2        0     1                 
 10000d2  10000d2        0     1                 
 10000dc  10000dc        0     1                 
 10000dc  10000dc        0     1                 
 10000e4  10000e4        0     1                 
 10000e6  10000e6        0     1                 
 10000f2  10000f2        0     1                 
 10000f2  10000f2        0     1                 
 10000f4  10000f4        0     1                 
 10000f8  10000f8        0     1                 
 10000fc  10000fc        0     1                 
 1000104  1000104        0     1                 
 1000106  1000106        0     1                 
 100010e  100010e        0     1                 
 1000110  1000110        0     1                 
 100011c  100011c        0     1                 
 100011c  100011c        0     1                 
 1000120  1000120        0     1                 
 100012a  100012a        0     1                 
 100012a  100012a        0     1                 
 100012c  100012c        0     1                 
 1000136  1000136        0     1                 
 1000136  1000136        0     1                 
 100013e  100013e        0     1                 
 100013e  100013e        0     1                 
 100014a  100014a        0     1                 
 100014a  100014a        0     1                 
 100014c  100014c        0     1                 
 1000158  1000158        0     1                 
 1000158  1000158        0     1                 
 100015a  100015a        0     1                 
 1000166  1000166        0     1                 
 1000166  1000166        0     1                 
 1000168  1000168        0     1                 
 1000174  1000174        0     1                 
 1000174  1000174        0     1                 
 1000176  1000176        0     1                 
 1000182  1000182        0     1                 
 1000182  1000182        0     1                 
 1000184  1000184        0     1                 
 1000184  1000184        0     1                 
 1000194  1000194        0     1                 
 1000194  1000194        0     1                 
 1000198  1000198        0     1                 
 100019c  100019c        0     1                 
 10001a8  10001a8        0     1                 
 10001a8  10001a8        0     1                 
 10001aa  10001aa        0     1                 
 10001aa  10001aa        0     1                 
 10001b8  10001b8        0     1                 
 10001b8  10001b8        0     1                 
 10001ba  10001ba        0     1                 
 10001c2  10001c2        0     1                 
 10001c2  10001c2        0     1                 
 10001c2  10001c2        0     1                 
 10001c4  10001c4       48     4         /tmp/user-436ec9.o:(.text)
 10001c4  10001c4        0     1                 
 10001c4  10001c4        0     1                 
 10001c4  10001c4        0     1                 
 10001c4  10001c4       10     1                 syscall
 10001c6  10001c6        0     1                 
 10001d2  10001d2        0     1                 
 10001d4  10001d4        0     1                 
 10001d4  10001d4        0     1                 
 10001d4  10001d4        0     1                 
 10001d4  10001d4        0     1                 
 10001d4  10001d4        0     1                 
 10001d4  10001d4        0     1                 
 10001d4  10001d4        c     1                 putchar
 10001de  10001de        0     1                 
 10001de  10001de        0     1                 
 10001e0  10001e0        0     1                 
 10001e0  10001e0        0     1                 
 10001e0  10001e0        0     1                 
 10001e0  10001e0        0     1                 
 10001e0  10001e0        0     1                 
 10001e0  10001e0        0     1                 
 10001e0  10001e0        e     1                 getchar
 10001ec  10001ec        0     1                 
 10001ec  10001ec        0     1                 
 10001ee  10001ee        0     1                 
 10001ee  10001ee        0     1                 
 10001ee  10001ee        0     1                 
 10001ee  10001ee        0     1                 
 10001ee  10001ee        0     1                 
 10001ee  10001ee        0     1                 
 10001ee  10001ee        8     1                 readfile
 10001f4  10001f4        0     1                 
 10001f4  10001f4        0     1                 
 10001f6  10001f6        0     1                 
 10001f6  10001f6        0     1                 
 10001f6  10001f6        0     1                 
 10001f6  10001f6        0     1                 
 10001f6  10001f6        0     1                 
 10001f6  10001f6        0     1                 
 10001f6  10001f6        8     1                 writefile
 10001fc  10001fc        0     1                 
 10001fc  10001fc        0     1                 
 10001fe  10001fe        0     1                 
 10001fe  10001fe        0     1                 
 10001fe  10001fe        0     1                 
 10001fe  10001fe        0     1                 
 10001fe  10001fe        0     1                 
 10001fe  10001fe        0     1                 
 10001fe  10001fe        e     1                 exit
 100020a  100020a        0     1                 
 100020a  100020a        0     1                 
 100020c  100020c        0     1                 
 100020c  100020c        0     1                 
 100020c  100020c      282     4         /tmp/common-a0ca4b.o:(.text)
 100020c  100020c        0     1                 
 100020c  100020c        0     1                 
 100020c  100020c        0     1                 
 100020c  100020c      1f8     1                 printf
 100020e  100020e        0     1                 
 1000228  1000228        0     1                 
 100023a  100023a        0     1                 
 1000262  1000262        0     1                 
 1000266  1000266        0     1                 
 1000268  1000268        0     1                 
 100026c  100026c        0     1                 
 1000274  1000274        0     1                 
 100027c  100027c        0     1                 
 100027c  100027c        0     1                 
 100027e  100027e        0     1                 
 1000280  1000280        0     1                 
 1000284  1000284        0     1                 
 1000286  1000286        0     1                 
 1000296  1000296        0     1                 
 10002a2  10002a2        0     1                 
 10002a6  10002a6        0     1                 
 10002a8  10002a8        0     1                 
 10002ae  10002ae        0     1                 
 10002b6  10002b6        0     1                 
 10002b6  10002b6        0     1                 
 10002c0  10002c0        0     1                 
 10002c0  10002c0        0     1                 
 10002c4  10002c4        0     1                 
 10002ca  10002ca        0     1                 
 10002d2  10002d2        0     1                 
 10002d2  10002d2        0     1                 
 10002d6  10002d6        0     1                 
 10002d8  10002d8        0     1                 
 10002de  10002de        0     1                 
 10002e6  10002e6        0     1                 
 10002e6  10002e6        0     1                 
 10002ea  10002ea        0     1                 
 10002ec  10002ec        0     1                 
 10002f2  10002f2        0     1                 
 10002fa  10002fa        0     1                 
 10002fa  10002fa        0     1                 
 10002fe  10002fe        0     1                 
 1000300  1000300        0     1                 
 1000306  1000306        0     1                 
 100030e  100030e        0     1                 
 100030e  100030e        0     1                 
 1000312  1000312        0     1                 
 1000314  1000314        0     1                 
 100031a  100031a        0     1                 
 1000322  1000322        0     1                 
 1000322  1000322        0     1                 
 1000326  1000326        0     1                 
 1000328  1000328        0     1                 
 100032e  100032e        0     1                 
 1000336  1000336        0     1                 
 1000336  1000336        0     1                 
 100033a  100033a        0     1                 
 100033c  100033c        0     1                 
 1000342  1000342        0     1                 
 100034a  100034a        0     1                 
 100034a  100034a        0     1                 
 100034e  100034e        0     1                 
 1000354  1000354        0     1                 
 1000354  1000354        0     1                 
 100035c  100035c        0     1                 
 100035c  100035c        0     1                 
 100035e  100035e        0     1                 
 1000360  1000360        0     1                 
 1000360  1000360        0     1                 
 100036a  100036a        0     1                 
 100036e  100036e        0     1                 
 1000376  1000376        0     1                 
 1000382  1000382        0     1                 
 1000382  1000382        0     1                 
 1000386  1000386        0     1                 
 100038c  100038c        0     1                 
 100038c  100038c        0     1                 
 1000398  1000398        0     1                 
 1000398  1000398        0     1                 
 100039c  100039c        0     1                 
 100039e  100039e        0     1                 
 10003a2  10003a2        0     1                 
 10003a4  10003a4        0     1                 
 10003a8  10003a8        0     1                 
 10003ac  10003ac        0     1                 
 10003b0  10003b0        0     1                 
 10003b2  10003b2        0     1                 
 10003b6  10003b6        0     1                 
 10003ba  10003ba        0     1                 
 10003c6  10003c6        0     1                 
 10003c6  10003c6        0     1                 
 10003ce  10003ce        0     1                 
 10003d4  10003d4        0     1                 
 10003da  10003da        0     1                 
 10003e6  10003e6        0     1                 
 10003e6  10003e6        0     1                 
 1000404  1000404        0     1                 
 1000404  1000404        0     1                 
 1000404  1000404        0     1                 
 1000404  1000404        0     1                 
 1000404  1000404        0     1                 
 1000404  1000404        0     1                 
 1000404  1000404       1a     1                 memcpy
 1000406  1000406        0     1                 
 1000408  1000408        0     1                 
 100040c  100040c        0     1                 
 100040e  100040e        0     1                 
 1000410  1000410        0     1                 
 1000414  1000414        0     1                 
 1000418  1000418        0     1                 
 100041a  100041a        0     1                 
 100041c  100041c        0     1                 
 100041e  100041e        0     1                 
 100041e  100041e        0     1                 
 100041e  100041e        0     1                 
 100041e  100041e        0     1                 
 100041e  100041e        0     1                 
 100041e  100041e        0     1                 
 100041e  100041e       14     1                 memset
 1000420  1000420        0     1                 
 1000422  1000422        0     1                 
 1000424  1000424        0     1                 
 1000428  1000428        0     1                 
 100042c  100042c        0     1                 
 100042e  100042e        0     1                 
 1000430  1000430        0     1                 
 1000432  1000432        0     1                 
 1000432  1000432        0     1                 
 1000432  1000432        0     1                 
 1000432  1000432        0     1                 
 1000432  1000432        0     1                 
 1000432  1000432        0     1                 
 1000432  1000432       24     1                 strcpy
 1000438  1000438        0     1                 
 100043c  100043c        0     1                 
 100043e  100043e        0     1                 
 1000442  1000442        0     1                 
 1000446  1000446        0     1                 
 100044a  100044a        0     1                 
 100044c  100044c        0     1                 
 100044e  100044e        0     1                 
 1000450  1000450        0     1                 
 1000454  1000454        0     1                 
 1000456  1000456        0     1                 
 1000456  1000456        0     1                 
 1000456  1000456        0     1                 
 1000456  1000456        0     1                 
 1000456  1000456        0     1                 
 1000456  1000456        0     1                 
 1000456  1000456       38     1                 strcmp
 100045a  100045a        0     1                 
 100045c  100045c        0     1                 
 100045e  100045e        0     1                 
 1000462  1000462        0     1                 
 1000470  1000470        0     1                 
 1000474  1000474        0     1                 
 1000478  1000478        0     1                 
 100047a  100047a        0     1                 
 100047e  100047e        0     1                 
 1000480  1000480        0     1                 
 1000484  1000484        0     1                 
 1000488  1000488        0     1                 
 100048c  100048c        0     1                 
 100048e  100048e        0     1                 
 100048e  100048e        0     1                 
 1000490  1000490       9c     4 .rodata
 1000490  1000490       9c     1         <internal>:(.rodata)
 100052c  100052c    10004     4 .bss
 100052c  100052c        4     1         . = ALIGN ( 16 )
 1000530  1000530    10000     1         . += 64 * 1024
 1010530  1010530        0     1         __stack_top = .
 1010530  1010530        0     1         
       0        0      35c     1 .debug_loclists
       0        0       40     1         /tmp/shell-93ab7b.o:(.debug_loclists)
       c        c        0     1                 
      40       40       e3     1         /tmp/user-436ec9.o:(.debug_loclists)
      4c       4c        0     1                 
     123      123      239     1         /tmp/common-a0ca4b.o:(.debug_loclists)
     12f      12f        0     1                 
       0        0      341     1 .debug_abbrev
       0        0      103     1         /tmp/shell-93ab7b.o:(.debug_abbrev)
     103      103      139     1         /tmp/user-436ec9.o:(.debug_abbrev)
     23c      23c      105     1         /tmp/common-a0ca4b.o:(.debug_abbrev)
       0        0      633     1 .debug_info
       0        0      178     1         /tmp/shell-93ab7b.o:(.debug_info)
     178      178      2a3     1         /tmp/user-436ec9.o:(.debug_info)
     41b      41b      218     1         /tmp/common-a0ca4b.o:(.debug_info)
       0        0       4d     1 .debug_rnglists
       0        0       1b     1         /tmp/shell-93ab7b.o:(.debug_rnglists)
       c        c        0     1                 
      1b       1b       17     1         /tmp/user-436ec9.o:(.debug_rnglists)
      27       27        0     1                 
      32       32       1b     1         /tmp/common-a0ca4b.o:(.debug_rnglists)
      3e       3e        0     1                 
       0        0      150     1 .debug_str_offsets
       0        0       58     1         /tmp/shell-93ab7b.o:(.debug_str_offsets)
       8        8        0     1                 
      58       58       68     1         /tmp/user-436ec9.o:(.debug_str_offsets)
      60       60        0     1                 
      c0       c0       90     1         /tmp/common-a0ca4b.o:(.debug_str_offsets)
      c8       c8        0     1                 
       0        0      189     1 .debug_str
       0        0      189     1         <internal>:(.debug_str)
       0        0       d8     1 .debug_addr
       0        0       58     1         /tmp/shell-93ab7b.o:(.debug_addr)
       8        8        0     1                 
      58       58       24     1         /tmp/user-436ec9.o:(.debug_addr)
      60       60        0     1                 
      7c       7c       5c     1         /tmp/common-a0ca4b.o:(.debug_addr)
      84       84        0     1                 
       0        0       42     1 .comment
       0        0       42     1         <internal>:(.comment)
       0        0       2b     1 .riscv.attributes
       0        0       2b     1         /tmp/shell-93ab7b.o:(.riscv.attributes)
       0        0      14c     4 .debug_frame
       0        0       44     4         /tmp/shell-93ab7b.o:(.debug_frame)
       0        0        0     1                 
      44       44       84     4         /tmp/user-436ec9.o:(.debug_frame)
      44       44        0     1                 
      c8       c8       84     4         /tmp/common-a0ca4b.o:(.debug_frame)
      c8       c8        0     1                 
       0        0      6cf     1 .debug_line
       0        0      18b     1         /tmp/shell-93ab7b.o:(.debug_line)
       0        0        0     1                 .Lline_table_start0
     18b      18b       f2     1         /tmp/user-436ec9.o:(.debug_line)
     18b      18b        0     1                 .Lline_table_start0
     27d      27d      452     1         /tmp/common-a0ca4b.o:(.debug_line)
     27d      27d        0     1                 .Lline_table_start0
       0        0       33     1 .debug_line_str
       0        0       33     1         <internal>:(.debug_line_str)
       0        0     1850     4 .symtab
       0        0     1850     4         <internal>:(.symtab)
       0        0       d6     1 .shstrtab
       0        0       d6     1         <internal>:(.shstrtab)
       0        0       bf     1 .strtab
       0        0       bf     1         <internal>:(.strtab)
